term,SS,df,MS,F,PRE,p
Total between subjects,131,4,32.75,NA,NA,NA
time,65.87,2,32.93,29.94,0.88,0
time error,8.8,8,1.1,NA,NA,NA
type,17.63,1,17.63,11.38,0.74,0.028
type error,6.2,4,1.55,NA,NA,NA
time:type,1.87,2,0.93,9.33,0.7,0.008
time:type error,0.8,8,0.1,NA,NA,NA
Total within subjects,101.17,25,4.05,NA,NA,NA
Total,232.17,29,8.01,NA,NA,NA
