term,SS,df,MS,F,PRE,p
Total between subjects,18,7,2.5714,NA,NA,NA
condition,2.25,1,2.25,5.727,0.45,0.04794
Error within subjects,2.75,7,0.3929,NA,NA,NA
Total within subjects,5,8,0.625,NA,NA,NA
Total,23,15,1.5333,NA,NA,NA
