term,SS,df,MS,F,PRE,p
instructions,12.5,1,12.5,4.686,0.54,0.096
Error between subjects,10.67,4,2.67,NA,NA,NA
Total between subjects,23.17,5,4.63,NA,NA,NA
Total within subjects,5.33,12,0.44,NA,NA,NA
Total,28.5,17,1.68,NA,NA,NA
